// Jest Snapshot v1, https://goo.gl/fbAQLP

exports[`PostSummary should render ok 1`] = `
<div
  className="post-summary"
>
  <h2>
    <Link
      replace={false}
      to="posts/sample-post-2"
    >
      Sample Post 2
    </Link>
  </h2>
  <div
    className="post-excerpt"
  >
    Farm-to-table authentic heirloom chicharrones. Before they sold out pour-over quinoa normcore stumptown helvetica gastropub. Deep v succulents mustache synth cold-pressed. Drinking vinegar vaporware next level PBR&B pinterest la croix seitan. Tousled blue bottle iPhone glossier franzen jean shorts street art shaman stumptown next level. Fingerstache synth organic, single-origin coffee kombucha vinyl pinterest brooklyn you probably haven't heard of them tbh before they sold out hot chicken 3 wolf moon chicharrones meditation.
  </div>
</div>
`;
